SYSTEM START
2,2,NORTH
2,3,NORTH
2,4,NORTH
2,4,NORTH
2,4,WEST
0,4,WEST
4,4,EAST
4,4,EAST
4,4,SOUTH
4,0,SOUTH
SYSTEM EXIT
