SYSTEM START
ROBOT HASN'T BE PLACED SUCCESSFULLY
ROBOT HASN'T BE PLACED SUCCESSFULLY
0,3,SOUTH
3,3,EAST
3,2,SOUTH
SYSTEM EXIT
